
<!DOCTYPE html>

<html>
  <head>
    <meta charset="utf-8" />
    <meta name="viewport" content="width=device-width, initial-scale=1.0" /><meta name="generator" content="Docutils 0.17.1: http://docutils.sourceforge.net/" />

    <title>scipy.optimize.golden &#8212; SciPy v1.7.0.dev0+1036.4ec6f29 Manual</title>
    
  <link href="../../_static/css/theme.css" rel="stylesheet" />
  <link href="../../_static/css/index.c5995385ac14fb8791e8eb36b4908be2.css" rel="stylesheet" />

    
  <link rel="stylesheet"
    href="../../_static/vendor/fontawesome/5.13.0/css/all.min.css">
  <link rel="preload" as="font" type="font/woff2" crossorigin
    href="../../_static/vendor/fontawesome/5.13.0/webfonts/fa-solid-900.woff2">
  <link rel="preload" as="font" type="font/woff2" crossorigin
    href="../../_static/vendor/fontawesome/5.13.0/webfonts/fa-brands-400.woff2">

    
      

    
    <link rel="stylesheet" type="text/css" href="../../_static/pygments.css" />
    <link rel="stylesheet" type="text/css" href="../../_static/basic.css" />
    <link rel="stylesheet" type="text/css" href="../../_static/plot_directive.css" />
    <link rel="stylesheet" type="text/css" href="../../_static/panels-main.c949a650a448cc0ae9fd3441c0e17fb0.css" />
    <link rel="stylesheet" type="text/css" href="../../_static/panels-variables.06eb56fa6e07937060861dad626602ad.css" />
    <link rel="stylesheet" type="text/css" href="../../_static/scipy.css" />
    
  <link rel="preload" as="script" href="../../_static/js/index.1c5a1a01449ed65a7b51.js">

    <script data-url_root="../../" id="documentation_options" src="../../_static/documentation_options.js"></script>
    <script src="../../_static/jquery.js"></script>
    <script src="../../_static/underscore.js"></script>
    <script src="../../_static/doctools.js"></script>
    <link rel="index" title="Index" href="../../genindex.html" />
    <link rel="search" title="Search" href="../../search.html" />
    <link rel="next" title="scipy.optimize.leastsq" href="scipy.optimize.leastsq.html" />
    <link rel="prev" title="scipy.optimize.brent" href="scipy.optimize.brent.html" />
    <meta name="viewport" content="width=device-width, initial-scale=1" />
    <meta name="docsearch:language" content="en" />
    
  </head>
  <body data-spy="scroll" data-target="#bd-toc-nav" data-offset="80">
    
    <div class="container-fluid" id="banner"></div>

    
    <nav class="navbar navbar-light navbar-expand-lg bg-light fixed-top bd-navbar" id="navbar-main"><div class="container-xl">

  <div id="navbar-start">
    
    

<a class="navbar-brand" href="../../index.html">
  <img src="../../_static/scipyshiny_small.png" class="logo" alt="logo">
</a>      


    
  </div>

  <button class="navbar-toggler" type="button" data-toggle="collapse" data-target="#navbar-collapsible" aria-controls="navbar-collapsible" aria-expanded="false" aria-label="Toggle navigation">
    <span class="navbar-toggler-icon"></span>
  </button>

  
  <div id="navbar-collapsible" class="col-lg-9 collapse navbar-collapse">
    <div id="navbar-center" class="mr-auto">
      
      <div class="navbar-center-item">
        <ul id="navbar-main-elements" class="navbar-nav">
    <li class="toctree-l1 nav-item">
 <a class="reference internal nav-link" href="../../getting_started.html">
  Getting started
 </a>
</li>

<li class="toctree-l1 nav-item">
 <a class="reference internal nav-link" href="../../tutorial/index.html">
  User Guide
 </a>
</li>

<li class="toctree-l1 current active nav-item">
 <a class="reference internal nav-link" href="../index.html">
  API reference
 </a>
</li>

<li class="toctree-l1 nav-item">
 <a class="reference internal nav-link" href="../../dev/index.html">
  Development
 </a>
</li>

<li class="toctree-l1 nav-item">
 <a class="reference internal nav-link" href="../../release.html">
  Release notes
 </a>
</li>

    
</ul>
      </div>
      
    </div>

    <div id="navbar-end">
      
      <div class="navbar-end-item">
        <ul id="navbar-icon-links" class="navbar-nav" aria-label="Icon Links">
        <li class="nav-item">
          <a class="nav-link" href="https://github.com/scipy/scipy" rel="noopener" target="_blank" title="GitHub">
            <span><i class="fab fa-github-square"></i></span>
            <label class="sr-only">GitHub</label>
          </a>
        </li>
      </ul>
      </div>
      
    </div>
  </div>
</div>
    </nav>
    

    <div class="container-xl">
      <div class="row">
          
            
            <!-- Only show if we have sidebars configured, else just a small margin  -->
            <div class="col-12 col-md-3 bd-sidebar"><form class="bd-search d-flex align-items-center" action="../../search.html" method="get">
  <i class="icon fas fa-search"></i>
  <input type="search" class="form-control" name="q" id="search-input" placeholder="Search the docs ..." aria-label="Search the docs ..." autocomplete="off" >
</form><nav class="bd-links" id="bd-docs-nav" aria-label="Main navigation">
  <div class="bd-toc-item active">
    
    <ul class="current nav bd-sidenav">
 <li class="toctree-l1">
  <a class="reference internal" href="../cluster.html">
   Clustering package (
   <code class="xref py py-mod docutils literal notranslate">
    <span class="pre">
     scipy.cluster
    </span>
   </code>
   )
  </a>
 </li>
 <li class="toctree-l1">
  <a class="reference internal" href="../cluster.vq.html">
   K-means clustering and vector quantization (
   <code class="xref py py-mod docutils literal notranslate">
    <span class="pre">
     scipy.cluster.vq
    </span>
   </code>
   )
  </a>
 </li>
 <li class="toctree-l1">
  <a class="reference internal" href="../cluster.hierarchy.html">
   Hierarchical clustering (
   <code class="xref py py-mod docutils literal notranslate">
    <span class="pre">
     scipy.cluster.hierarchy
    </span>
   </code>
   )
  </a>
 </li>
 <li class="toctree-l1">
  <a class="reference internal" href="../constants.html">
   Constants (
   <code class="xref py py-mod docutils literal notranslate">
    <span class="pre">
     scipy.constants
    </span>
   </code>
   )
  </a>
 </li>
 <li class="toctree-l1">
  <a class="reference internal" href="../fft.html">
   Discrete Fourier transforms (
   <code class="xref py py-mod docutils literal notranslate">
    <span class="pre">
     scipy.fft
    </span>
   </code>
   )
  </a>
 </li>
 <li class="toctree-l1">
  <a class="reference internal" href="../fftpack.html">
   Legacy discrete Fourier transforms (
   <code class="xref py py-mod docutils literal notranslate">
    <span class="pre">
     scipy.fftpack
    </span>
   </code>
   )
  </a>
 </li>
 <li class="toctree-l1">
  <a class="reference internal" href="../integrate.html">
   Integration and ODEs (
   <code class="xref py py-mod docutils literal notranslate">
    <span class="pre">
     scipy.integrate
    </span>
   </code>
   )
  </a>
 </li>
 <li class="toctree-l1">
  <a class="reference internal" href="../interpolate.html">
   Interpolation (
   <code class="xref py py-mod docutils literal notranslate">
    <span class="pre">
     scipy.interpolate
    </span>
   </code>
   )
  </a>
 </li>
 <li class="toctree-l1">
  <a class="reference internal" href="../io.html">
   Input and output (
   <code class="xref py py-mod docutils literal notranslate">
    <span class="pre">
     scipy.io
    </span>
   </code>
   )
  </a>
 </li>
 <li class="toctree-l1">
  <a class="reference internal" href="../linalg.html">
   Linear algebra (
   <code class="xref py py-mod docutils literal notranslate">
    <span class="pre">
     scipy.linalg
    </span>
   </code>
   )
  </a>
 </li>
 <li class="toctree-l1">
  <a class="reference internal" href="../linalg.blas.html">
   Low-level BLAS functions (
   <code class="xref py py-mod docutils literal notranslate">
    <span class="pre">
     scipy.linalg.blas
    </span>
   </code>
   )
  </a>
 </li>
 <li class="toctree-l1">
  <a class="reference internal" href="../linalg.lapack.html">
   Low-level LAPACK functions (
   <code class="xref py py-mod docutils literal notranslate">
    <span class="pre">
     scipy.linalg.lapack
    </span>
   </code>
   )
  </a>
 </li>
 <li class="toctree-l1">
  <a class="reference internal" href="../linalg.cython_blas.html">
   BLAS Functions for Cython
  </a>
 </li>
 <li class="toctree-l1">
  <a class="reference internal" href="../linalg.cython_lapack.html">
   LAPACK functions for Cython
  </a>
 </li>
 <li class="toctree-l1">
  <a class="reference internal" href="../linalg.interpolative.html">
   Interpolative matrix decomposition (
   <code class="xref py py-mod docutils literal notranslate">
    <span class="pre">
     scipy.linalg.interpolative
    </span>
   </code>
   )
  </a>
 </li>
 <li class="toctree-l1">
  <a class="reference internal" href="../misc.html">
   Miscellaneous routines (
   <code class="xref py py-mod docutils literal notranslate">
    <span class="pre">
     scipy.misc
    </span>
   </code>
   )
  </a>
 </li>
 <li class="toctree-l1">
  <a class="reference internal" href="../ndimage.html">
   Multidimensional image processing (
   <code class="xref py py-mod docutils literal notranslate">
    <span class="pre">
     scipy.ndimage
    </span>
   </code>
   )
  </a>
 </li>
 <li class="toctree-l1">
  <a class="reference internal" href="../odr.html">
   Orthogonal distance regression (
   <code class="xref py py-mod docutils literal notranslate">
    <span class="pre">
     scipy.odr
    </span>
   </code>
   )
  </a>
 </li>
 <li class="toctree-l1 current active">
  <a class="reference internal" href="../optimize.html">
   Optimization and root finding (
   <code class="xref py py-mod docutils literal notranslate">
    <span class="pre">
     scipy.optimize
    </span>
   </code>
   )
  </a>
 </li>
 <li class="toctree-l1">
  <a class="reference internal" href="../optimize.nonlin.html">
   Nonlinear solvers
  </a>
 </li>
 <li class="toctree-l1">
  <a class="reference internal" href="../optimize.cython_optimize.html">
   Cython optimize zeros API
  </a>
 </li>
 <li class="toctree-l1">
  <a class="reference internal" href="../signal.html">
   Signal processing (
   <code class="xref py py-mod docutils literal notranslate">
    <span class="pre">
     scipy.signal
    </span>
   </code>
   )
  </a>
 </li>
 <li class="toctree-l1">
  <a class="reference internal" href="../sparse.html">
   Sparse matrices (
   <code class="xref py py-mod docutils literal notranslate">
    <span class="pre">
     scipy.sparse
    </span>
   </code>
   )
  </a>
 </li>
 <li class="toctree-l1">
  <a class="reference internal" href="../sparse.linalg.html">
   Sparse linear algebra (
   <code class="xref py py-mod docutils literal notranslate">
    <span class="pre">
     scipy.sparse.linalg
    </span>
   </code>
   )
  </a>
 </li>
 <li class="toctree-l1">
  <a class="reference internal" href="../sparse.csgraph.html">
   Compressed sparse graph routines (
   <code class="xref py py-mod docutils literal notranslate">
    <span class="pre">
     scipy.sparse.csgraph
    </span>
   </code>
   )
  </a>
 </li>
 <li class="toctree-l1">
  <a class="reference internal" href="../spatial.html">
   Spatial algorithms and data structures (
   <code class="xref py py-mod docutils literal notranslate">
    <span class="pre">
     scipy.spatial
    </span>
   </code>
   )
  </a>
 </li>
 <li class="toctree-l1">
  <a class="reference internal" href="../spatial.distance.html">
   Distance computations (
   <code class="xref py py-mod docutils literal notranslate">
    <span class="pre">
     scipy.spatial.distance
    </span>
   </code>
   )
  </a>
 </li>
 <li class="toctree-l1">
  <a class="reference internal" href="../special.html">
   Special functions (
   <code class="xref py py-mod docutils literal notranslate">
    <span class="pre">
     scipy.special
    </span>
   </code>
   )
  </a>
 </li>
 <li class="toctree-l1">
  <a class="reference internal" href="../stats.html">
   Statistical functions (
   <code class="xref py py-mod docutils literal notranslate">
    <span class="pre">
     scipy.stats
    </span>
   </code>
   )
  </a>
 </li>
 <li class="toctree-l1">
  <a class="reference internal" href="../stats._result_classes.html">
   Result classes
  </a>
 </li>
 <li class="toctree-l1">
  <a class="reference internal" href="../stats.mstats.html">
   Statistical functions for masked arrays (
   <code class="xref py py-mod docutils literal notranslate">
    <span class="pre">
     scipy.stats.mstats
    </span>
   </code>
   )
  </a>
 </li>
 <li class="toctree-l1">
  <a class="reference internal" href="../stats.qmc.html">
   Quasi-Monte Carlo submodule (
   <code class="xref py py-mod docutils literal notranslate">
    <span class="pre">
     scipy.stats.qmc
    </span>
   </code>
   )
  </a>
 </li>
 <li class="toctree-l1">
  <a class="reference internal" href="../ccallback.html">
   Low-level callback functions
  </a>
 </li>
</ul>

    
  </div>
</nav>
            </div>
            
          

          
          <div class="d-none d-xl-block col-xl-2 bd-toc">
            
              
              <div class="toc-item">
                

<nav id="bd-toc-nav">
    
</nav>
              </div>
              
              <div class="toc-item">
                
              </div>
              
            
          </div>
          

          
          
            
          
          <main class="col-12 col-md-9 col-xl-7 py-md-5 pl-md-5 pr-md-4 bd-content" role="main">
              
              <div>
                
  <section id="scipy-optimize-golden">
<h1>scipy.optimize.golden<a class="headerlink" href="#scipy-optimize-golden" title="Permalink to this headline">¶</a></h1>
<dl class="py function">
<dt class="sig sig-object py" id="scipy.optimize.golden">
<span class="sig-prename descclassname"><span class="pre">scipy.optimize.</span></span><span class="sig-name descname"><span class="pre">golden</span></span><span class="sig-paren">(</span><em class="sig-param"><span class="n"><span class="pre">func</span></span></em>, <em class="sig-param"><span class="n"><span class="pre">args</span></span><span class="o"><span class="pre">=</span></span><span class="default_value"><span class="pre">()</span></span></em>, <em class="sig-param"><span class="n"><span class="pre">brack</span></span><span class="o"><span class="pre">=</span></span><span class="default_value"><span class="pre">None</span></span></em>, <em class="sig-param"><span class="n"><span class="pre">tol</span></span><span class="o"><span class="pre">=</span></span><span class="default_value"><span class="pre">1.4901161193847656e-08</span></span></em>, <em class="sig-param"><span class="n"><span class="pre">full_output</span></span><span class="o"><span class="pre">=</span></span><span class="default_value"><span class="pre">0</span></span></em>, <em class="sig-param"><span class="n"><span class="pre">maxiter</span></span><span class="o"><span class="pre">=</span></span><span class="default_value"><span class="pre">5000</span></span></em><span class="sig-paren">)</span><a class="reference external" href="https://github.com/scipy/scipy/blob/master/scipy/optimize/optimize.py#L2376-L2440"><span class="viewcode-link"><span class="pre">[source]</span></span></a><a class="headerlink" href="#scipy.optimize.golden" title="Permalink to this definition">¶</a></dt>
<dd><p>Return the minimum of a function of one variable using golden section
method.</p>
<p>Given a function of one variable and a possible bracketing interval,
return the minimum of the function isolated to a fractional precision of
tol.</p>
<dl class="field-list simple">
<dt class="field-odd">Parameters</dt>
<dd class="field-odd"><dl class="simple">
<dt><strong>func</strong><span class="classifier">callable func(x,*args)</span></dt><dd><p>Objective function to minimize.</p>
</dd>
<dt><strong>args</strong><span class="classifier">tuple, optional</span></dt><dd><p>Additional arguments (if present), passed to func.</p>
</dd>
<dt><strong>brack</strong><span class="classifier">tuple, optional</span></dt><dd><p>Triple (a,b,c), where (a&lt;b&lt;c) and func(b) &lt;
func(a),func(c). If bracket consists of two numbers (a,
c), then they are assumed to be a starting interval for a
downhill bracket search (see <a class="reference internal" href="scipy.optimize.bracket.html#scipy.optimize.bracket" title="scipy.optimize.bracket"><code class="xref py py-obj docutils literal notranslate"><span class="pre">bracket</span></code></a>); it doesn’t always
mean that obtained solution will satisfy a&lt;=x&lt;=c.</p>
</dd>
<dt><strong>tol</strong><span class="classifier">float, optional</span></dt><dd><p>x tolerance stop criterion</p>
</dd>
<dt><strong>full_output</strong><span class="classifier">bool, optional</span></dt><dd><p>If True, return optional outputs.</p>
</dd>
<dt><strong>maxiter</strong><span class="classifier">int</span></dt><dd><p>Maximum number of iterations to perform.</p>
</dd>
</dl>
</dd>
</dl>
<div class="admonition seealso">
<p class="admonition-title">See also</p>
<dl class="simple">
<dt><a class="reference internal" href="scipy.optimize.minimize_scalar.html#scipy.optimize.minimize_scalar" title="scipy.optimize.minimize_scalar"><code class="xref py py-obj docutils literal notranslate"><span class="pre">minimize_scalar</span></code></a></dt><dd><p>Interface to minimization algorithms for scalar univariate functions. See the ‘Golden’ <em class="xref py py-obj">method</em> in particular.</p>
</dd>
</dl>
</div>
<p class="rubric">Notes</p>
<p>Uses analog of bisection method to decrease the bracketed
interval.</p>
<p class="rubric">Examples</p>
<p>We illustrate the behaviour of the function when <em class="xref py py-obj">brack</em> is of
size 2 and 3, respectively. In the case where <em class="xref py py-obj">brack</em> is of the
form (xa,xb), we can see for the given values, the output need
not necessarily lie in the range <code class="docutils literal notranslate"><span class="pre">(xa,</span> <span class="pre">xb)</span></code>.</p>
<div class="doctest highlight-default notranslate"><div class="highlight"><pre><span></span><span class="gp">&gt;&gt;&gt; </span><span class="k">def</span> <span class="nf">f</span><span class="p">(</span><span class="n">x</span><span class="p">):</span>
<span class="gp">... </span>    <span class="k">return</span> <span class="n">x</span><span class="o">**</span><span class="mi">2</span>
</pre></div>
</div>
<div class="doctest highlight-default notranslate"><div class="highlight"><pre><span></span><span class="gp">&gt;&gt;&gt; </span><span class="kn">from</span> <span class="nn">scipy</span> <span class="kn">import</span> <span class="n">optimize</span>
</pre></div>
</div>
<div class="doctest highlight-default notranslate"><div class="highlight"><pre><span></span><span class="gp">&gt;&gt;&gt; </span><span class="n">minimum</span> <span class="o">=</span> <span class="n">optimize</span><span class="o">.</span><span class="n">golden</span><span class="p">(</span><span class="n">f</span><span class="p">,</span> <span class="n">brack</span><span class="o">=</span><span class="p">(</span><span class="mi">1</span><span class="p">,</span> <span class="mi">2</span><span class="p">))</span>
<span class="gp">&gt;&gt;&gt; </span><span class="n">minimum</span>
<span class="go">1.5717277788484873e-162</span>
<span class="gp">&gt;&gt;&gt; </span><span class="n">minimum</span> <span class="o">=</span> <span class="n">optimize</span><span class="o">.</span><span class="n">golden</span><span class="p">(</span><span class="n">f</span><span class="p">,</span> <span class="n">brack</span><span class="o">=</span><span class="p">(</span><span class="o">-</span><span class="mi">1</span><span class="p">,</span> <span class="mf">0.5</span><span class="p">,</span> <span class="mi">2</span><span class="p">))</span>
<span class="gp">&gt;&gt;&gt; </span><span class="n">minimum</span>
<span class="go">-1.5717277788484873e-162</span>
</pre></div>
</div>
</dd></dl>

</section>


              </div>
              
              
              <div class='prev-next-bottom'>
                
    <a class='left-prev' id="prev-link" href="scipy.optimize.brent.html" title="previous page">scipy.optimize.brent</a>
    <a class='right-next' id="next-link" href="scipy.optimize.leastsq.html" title="next page">scipy.optimize.leastsq</a>

              </div>
              
          </main>
          

      </div>
    </div>
  
  <script src="../../_static/js/index.1c5a1a01449ed65a7b51.js"></script>

  <footer class="footer mt-5 mt-md-0">
  <div class="container">
    
    <div class="footer-item">
      <p class="copyright">
    &copy; Copyright 2008-2021, The SciPy community.<br/>
</p>
    </div>
    
    <div class="footer-item">
      <p class="sphinx-version">
Created using <a href="http://sphinx-doc.org/">Sphinx</a> 4.0.2.<br/>
</p>
    </div>
    
  </div>
</footer>
  </body>
</html>